A51 MACRO ASSEMBLER  EJERCICIO                                                            09/28/2022 18:10:31 PAGE     1


MACRO ASSEMBLER A51 V6.14
OBJECT MODULE PLACED IN .\ejercicio.OBJ
ASSEMBLER INVOKED BY: C:\Keil\C51\BIN\A51.EXE .\ejercicio.a SET(SMALL) DEBUG EP

LOC  OBJ            LINE     SOURCE

  0090                 1     NB EQU P1.0
  0091                 2     NA EQU P1.1
  0094                 3     EV1 EQU P1.4
  0095                 4     EV2 EQU P1.5
  0020                 5     ESTADO EQU 0x20
  0021                 6     EVENTO EQU 0x21
                       7     
0000                   8     ORG 0x00
0000 017B              9             AJMP INICIO
                      10     
007B                  11     ORG 0x7B
007B                  12     INICIO:
007B 118E             13             ACALL INIT
007D                  14     MAIN:
007D 1181             15             ACALL FSM
007F 017D             16             AJMP MAIN
0081                  17     FSM:
0081 E520             18             MOV A, ESTADO
0083 23               19             RL A
0084 900088           20             MOV DPTR, #EST_TAB
0087 73               21             JMP @A+DPTR
0088                  22     EST_TAB:
0088 019E             23             AJMP ESTADO0
008A 01C0             24             AJMP ESTADO1
008C 01FD             25             AJMP ESTADO2
                      26     ;====================INIT=========================;
008E                  27     INIT:
008E 752000           28             MOV ESTADO, #0
0091 752100           29             MOV EVENTO, #0
0094 539003           30             ANL P1, #00000011b      ;Para simulacion!!!
0097 D291             31             SETB NA                 ;Configurar el puerto como entrada
0099 D290             32             SETB NB
009B D294             33             SETB EV1                ;Configuracion de la electrovalvula
009D 22               34             RET
                      35     ;===================ESTADO0=======================;
009E                  36     ESTADO0:
009E 11B5             37             ACALL ES0_GEN_EV
00A0 E521             38             MOV A, EVENTO
00A2 23               39             RL A
00A3 9000A7           40             MOV DPTR, #ES0_EV_TAB
00A6 73               41             JMP @A+DPTR
00A7                  42     ES0_EV_TAB:
00A7 01AB             43             AJMP ES0_EV0
00A9 01AC             44             AJMP ES0_EV1
00AB                  45     ES0_EV0:                        ;EVENTO VACIO
00AB 22               46             RET
00AC                  47     ES0_EV1:                        ;EVENTO IR A NIVEL MEDIO
00AC 752001           48             MOV ESTADO, #1
00AF D295             49             SETB EV2                        ;ABRIMOS LA VALVULA DE ABAJO
00B1 752100           50             MOV EVENTO, #0
00B4 22               51             RET
00B5                  52     ES0_GEN_EV:                     ;GENERADOR DE EVENTOS
00B5 E590             53             MOV A, P1
00B7 5401             54             ANL A, #00000001b
00B9 7001             55             JNZ ES0_NB_ACTIVADO             ; SI NB se activa nos vamos a nivel medio
00BB 22               56             RET
00BC                  57     ES0_NB_ACTIVADO:                ;CONDICION
00BC 752101           58             MOV EVENTO, #1
A51 MACRO ASSEMBLER  EJERCICIO                                                            09/28/2022 18:10:31 PAGE     2

00BF 22               59             RET
                      60     ;===================ESTADO1=======================;
00C0                  61     ESTADO1:
00C0 11E2             62             ACALL ES1_GEN_EV
00C2 E521             63             MOV A, EVENTO
00C4 23               64             RL A
00C5 9000C9           65             MOV DPTR, #ES1_EV_TAB
00C8 73               66             JMP @A+DPTR
00C9                  67     ES1_EV_TAB:
00C9 01CF             68             AJMP ES1_EV0
00CB 01D0             69             AJMP ES1_EV1
00CD 01D9             70             AJMP ES1_EV2
00CF                  71     ES1_EV0:                        ;EVENTO VACIO
00CF 22               72             RET
00D0                  73     ES1_EV1:                        ;EVENTO IR A NIVEL BAJO
00D0 752000           74             MOV ESTADO, #0
00D3 C295             75             CLR EV2                         ;CERRAMOS LA VALVULA DE ABAJO
00D5 752100           76             MOV EVENTO, #0
00D8 22               77             RET
00D9                  78     ES1_EV2:                        ;EVENTO IR A NIVEL ALTO
00D9 752002           79             MOV ESTADO, #2
00DC C294             80             CLR EV1                         ;CERRAMOS LA VALVULA DE ARRIBA
00DE 752100           81             MOV EVENTO, #0
00E1 22               82             RET
00E2                  83     ES1_GEN_EV:                     ;GENERADOR DE EVENTOS
00E2 E590             84             MOV A, P1
00E4 5401             85             ANL A, #00000001b
00E6 6007             86             JZ ES1_NB_DESACTIVADO           ;NIVEL BAJO DESACTIVADO
00E8 E590             87             MOV A, P1
00EA 5402             88             ANL A, #00000010b
00EC 700B             89             JNZ ES1_NA_ACTIVADO             ;NIVEL ALTO ACTIVADO
00EE 22               90             RET
00EF                  91     ES1_NB_DESACTIVADO:             ;CONDICION
00EF 752101           92             MOV EVENTO, #1
00F2 E590             93             MOV A, P1
00F4 5402             94             ANL A, #00000010b       
00F6 7027             95             JNZ ERROR                       ;NIVEL BAJO DESACTIVADO Y BAJO ACTIVADO?!?! ERROR!!
                             !
00F8 22               96             RET
00F9                  97     ES1_NA_ACTIVADO:
00F9 752102           98             MOV EVENTO, #2
00FC 22               99             RET
                     100     ;===================ESTADO2=======================;
00FD                 101     ESTADO2:
00FD 3114            102             ACALL ES2_GEN_EV
00FF E521            103             MOV A, EVENTO
0101 23              104             RL A
0102 900106          105             MOV DPTR, #ES2_EV_TAB
0105 73              106             JMP @A+DPTR
0106                 107     ES2_EV_TAB:
0106 210A            108             AJMP ES2_EV0
0108 210B            109             AJMP ES2_EV1
010A                 110     ES2_EV0:                        ;EVENTO VACIO
010A 22              111             RET
010B                 112     ES2_EV1:                        ;EVENTO IR A NIVEL MEDIO
010B 752001          113             MOV ESTADO, #1
010E D294            114             SETB EV1
0110 752100          115             MOV EVENTO, #0
0113 22              116             RET
0114                 117     ES2_GEN_EV:                     ;GENERADOR DE EVENTOS
0114 E590            118             MOV A, P1
0116 5402            119             ANL A, #00000010b
0118 6001            120             JZ ES2_NA_DESACTIVADO
011A 22              121             RET
011B                 122     ES2_NA_DESACTIVADO:             ;CONDICION
011B 752101          123             MOV EVENTO, #1
A51 MACRO ASSEMBLER  EJERCICIO                                                            09/28/2022 18:10:31 PAGE     3

011E 22              124             RET
                     125     ;=====================END=========================;
011F                 126     ERROR:
                     127             ;ESCRIBIR 1 EN 7Fh
011F 7601            128             MOV @R0, #1
0121 E6              129             MOV A, @R0
0122 F57F            130             MOV 0x7F, A
                     131     END
                             
                             
A51 MACRO ASSEMBLER  EJERCICIO                                                            09/28/2022 18:10:31 PAGE     4

SYMBOL TABLE LISTING
------ ----- -------


N A M E             T Y P E  V A L U E   ATTRIBUTES

ERROR. . . . . . .  C ADDR   011FH   A   
ES0_EV0. . . . . .  C ADDR   00ABH   A   
ES0_EV1. . . . . .  C ADDR   00ACH   A   
ES0_EV_TAB . . . .  C ADDR   00A7H   A   
ES0_GEN_EV . . . .  C ADDR   00B5H   A   
ES0_NB_ACTIVADO. .  C ADDR   00BCH   A   
ES1_EV0. . . . . .  C ADDR   00CFH   A   
ES1_EV1. . . . . .  C ADDR   00D0H   A   
ES1_EV2. . . . . .  C ADDR   00D9H   A   
ES1_EV_TAB . . . .  C ADDR   00C9H   A   
ES1_GEN_EV . . . .  C ADDR   00E2H   A   
ES1_NA_ACTIVADO. .  C ADDR   00F9H   A   
ES1_NB_DESACTIVADO  C ADDR   00EFH   A   
ES2_EV0. . . . . .  C ADDR   010AH   A   
ES2_EV1. . . . . .  C ADDR   010BH   A   
ES2_EV_TAB . . . .  C ADDR   0106H   A   
ES2_GEN_EV . . . .  C ADDR   0114H   A   
ES2_NA_DESACTIVADO  C ADDR   011BH   A   
ESTADO . . . . . .  N NUMB   0020H   A   
ESTADO0. . . . . .  C ADDR   009EH   A   
ESTADO1. . . . . .  C ADDR   00C0H   A   
ESTADO2. . . . . .  C ADDR   00FDH   A   
EST_TAB. . . . . .  C ADDR   0088H   A   
EV1. . . . . . . .  B ADDR   0090H.4 A   
EV2. . . . . . . .  B ADDR   0090H.5 A   
EVENTO . . . . . .  N NUMB   0021H   A   
FSM. . . . . . . .  C ADDR   0081H   A   
INICIO . . . . . .  C ADDR   007BH   A   
INIT . . . . . . .  C ADDR   008EH   A   
MAIN . . . . . . .  C ADDR   007DH   A   
NA . . . . . . . .  B ADDR   0090H.1 A   
NB . . . . . . . .  B ADDR   0090H.0 A   
P1 . . . . . . . .  D ADDR   0090H   A   


REGISTER BANK(S) USED: 0 


ASSEMBLY COMPLETE.  0 WARNING(S), 0 ERROR(S)
